=== BUILD ===
- Use build.rolldownOptions.output.codeSplitting to improve chunking: https://rolldown.rs/reference/OutputOptions.codeSplitting
- Adjust chunk size limit for this warning via build.chunkSizeWarningLimit.[39m
=== GATE ===
ok   e2e-addfiles-race.mjs                         2s  == RESULT: 4 passed, 0 failed ==
ok   e2e-analytics-projection.mjs                  2s  == RESULT: 43 passed, 0 failed ==
ok   e2e-analytics-registry.mjs                    2s  == RESULT: 25 passed, 0 failed ==
ok   e2e-b2-tries.mjs                              1s  == RESULT: 13 passed, 0 failed ==
ok   e2e-beta-config.mjs                           0s  == RESULT: 3 passed, 0 failed ==
FAIL e2e-breakdown-a11y.mjs                        2s  (exit 1) <no result line — crashed?>
       node:internal/modules/run_main:107
           triggerUncaughtException(
           ^
       
       Error [TypeError]: Failed to execute 'getComputedStyle' on 'Window': parameter 1 is not of type 'Element'.
           at evaluate (evaluate at file:///C:/Users/charl/Charlie/tools/e2e-breakdown-a11y.mjs:21:24, <anonymous>:3:11)
           at #evaluate (file:///C:/Users/charl/Charlie/node_modules/puppeteer-core/lib/puppeteer/cdp/ExecutionContext.js:388:19)
           at async ExecutionContext.evaluate (file:///C:/Users/charl/Charlie/node_modules/puppeteer-core/lib/puppeteer/cdp/ExecutionContext.js:274:16)
           at async IsolatedWorld.evaluate (file:///C:/Users/charl/Charlie/node_modules/puppeteer-core/lib/puppeteer/cdp/IsolatedWorld.js:102:16)
           at async CdpFrame.evaluate (file:///C:/Users/charl/Charlie/node_modules/puppeteer-core/lib/puppeteer/api/Frame.js:359:20)
           at async CdpPage.evaluate (file:///C:/Users/charl/Charlie/node_modules/puppeteer-core/lib/puppeteer/api/Page.js:826:20)
           at async file:///C:/Users/charl/Charlie/tools/e2e-breakdown-a11y.mjs:21:13
       
       Node.js v24.15.0
ok   e2e-breakdown-form.mjs                        7s  == RESULT: 60 passed, 0 failed ==
ok   e2e-breakdown-lifecycle.mjs                   4s  == RESULT: 16 passed, 0 failed ==
FAIL e2e-breakdown-video.mjs                      32s  (exit 1) <no result line — crashed?>
       file:///C:/Users/charl/Charlie/node_modules/puppeteer-core/lib/puppeteer/common/WaitTask.js:46
                   this.#timeoutError = new TimeoutError(`Waiting failed: ${options.timeout}ms exceeded`);
                                        ^
       
       TimeoutError: Waiting failed: 30000ms exceeded
           at new WaitTask (file:///C:/Users/charl/Charlie/node_modules/puppeteer-core/lib/puppeteer/common/WaitTask.js:46:34)
           at IsolatedWorld.waitForFunction (file:///C:/Users/charl/Charlie/node_modules/puppeteer-core/lib/puppeteer/api/Realm.js:49:26)
           at CdpFrame.waitForFunction (file:///C:/Users/charl/Charlie/node_modules/puppeteer-core/lib/puppeteer/api/Frame.js:580:43)
           at CdpFrame.<anonymous> (file:///C:/Users/charl/Charlie/node_modules/puppeteer-core/lib/puppeteer/util/decorators.js:101:27)
           at CdpPage.waitForFunction (file:///C:/Users/charl/Charlie/node_modules/puppeteer-core/lib/puppeteer/api/Page.js:1447:37)
           at file:///C:/Users/charl/Charlie/tools/e2e-breakdown-video.mjs:56:12
       
       Node.js v24.15.0
ok   e2e-catalog-backend.mjs                       2s  == RESULT: 6 passed, 0 failed ==
ok   e2e-catalog-fuzzer.mjs                        1s  == RESULT: 1 passed, 0 failed ==
ok   e2e-catalog-persistence.mjs                   0s  == RESULT: 50 passed, 0 failed ==
ok   e2e-catalog-versions.mjs                      1s  == RESULT: 10 passed, 0 failed ==
FAIL e2e-clip-identity.mjs                         2s  (exit 1) <no result line — crashed?>
       assertion failure(s):
         FAIL  linked auto-create refreshes the native Breakdown play count  -- got 
       
       Clip-identity (P1a) --------------------------------------------
         PASS  two clips imported (same basename, diff subfolder)
         PASS  two plays created
         PASS  clips have DISTINCT identity (not collapsed to basename)
         PASS  plays have DISTINCT identity
         PASS  reopen re-imports two clips
         PASS  BOTH plays relink on reopen (none orphaned)
         FAIL  linked auto-create refreshes the native Breakdown play count  -- got 
         PASS  no console/page errors
       
       Film repair / legacy migration -------------------------------
         PASS  repair workflow completes after confirmation
         PASS  repair keeps the same two tagged plays
         PASS  repair builds one live clip per tagged play
         PASS  repaired plays point at current live clips
         PASS  repair switches playlist to library asset URLs
         PASS  legacy duplicate basenames migrate to folder paths by order
         PASS  repair preserves existing tags and notes
         PASS  repair imports only the matched clips
         PASS  repair resolves imported library paths before reporting success
         PASS  repair creates a restore point before saving
       
       FAILURES — 17 passed, 1 failed
ok   e2e-clip-match.mjs                            0s  == RESULT: 15 passed, 0 failed ==
ok   e2e-core.mjs                                  2s  == RESULT: 25 passed, 0 failed ==
ok   e2e-cross-game-cutup.mjs                      0s  == RESULT: 13 passed, 0 failed ==
ok   e2e-crosstab.mjs                              2s  == RESULT: 20 passed, 0 failed ==
ok   e2e-csv-projection.mjs                        2s  == RESULT: 22 passed, 0 failed ==
ok   e2e-csv-roundtrip.mjs                         3s  == RESULT: 9 passed, 0 failed ==
ok   e2e-delete-undo-film.mjs                      2s  == RESULT: 9 passed, 0 failed ==
FAIL e2e-design-system.mjs                         0s  (exit 1) == RESULT: 6 passed, 1 failed ==
       assertion failure(s):
         FAIL  every native design token reference resolves -- C:\Users\charl\Charlie\css\native-breakdown-route.css:--gi-health
         PASS  at least one production native stylesheet is enforced
         PASS  native Vite entry imports bundled Plex and design tokens
         PASS  Plex font family is bundled locally as WOFF2 data
         PASS  native styles contain no raw colors
         PASS  native styles contain no legacy workspace-token fallback
         FAIL  every native design token reference resolves -- C:\Users\charl\Charlie\css\native-breakdown-route.css:--gi-health
         PASS  native styles consume typography tokens instead of local font stacks
       
       == RESULT: 6 passed, 1 failed ==
ok   e2e-field-fixes.mjs                           4s  == RESULT: 14 passed, 0 failed ==
ok   e2e-film-index.mjs                            2s  ALL PASS — 9 passed, 0 failed
ok   e2e-film-load-race.mjs                        1s  == RESULT: 8 passed, 0 failed ==
ok   e2e-film-navigation.mjs                       0s  == RESULT: 24 passed, 0 failed ==
ok   e2e-film-persist.mjs                          2s  == RESULT: 3 passed, 0 failed ==
FAIL e2e-film-room.mjs                            33s  (exit 1) <no result line — crashed?>
       
       == 1. Setup: team + demo season + open game ==
       file:///C:/Users/charl/Charlie/node_modules/puppeteer-core/lib/puppeteer/common/WaitTask.js:46
                   this.#timeoutError = new TimeoutError(`Waiting failed: ${options.timeout}ms exceeded`);
                                        ^
       
       TimeoutError: Waiting failed: 30000ms exceeded
           at new WaitTask (file:///C:/Users/charl/Charlie/node_modules/puppeteer-core/lib/puppeteer/common/WaitTask.js:46:34)
           at IsolatedWorld.waitForFunction (file:///C:/Users/charl/Charlie/node_modules/puppeteer-core/lib/puppeteer/api/Realm.js:49:26)
           at CdpFrame.waitForFunction (file:///C:/Users/charl/Charlie/node_modules/puppeteer-core/lib/puppeteer/api/Frame.js:580:43)
           at CdpFrame.<anonymous> (file:///C:/Users/charl/Charlie/node_modules/puppeteer-core/lib/puppeteer/util/decorators.js:101:27)
           at CdpPage.waitForFunction (file:///C:/Users/charl/Charlie/node_modules/puppeteer-core/lib/puppeteer/api/Page.js:1447:37)
           at file:///C:/Users/charl/Charlie/tools/e2e-film-room.mjs:53:12
       
       Node.js v24.15.0
ok   e2e-film-storage-setup.mjs                    8s  == RESULT: 31 passed, 0 failed ==
ok   e2e-integrity.mjs                            22s  == RESULT: 2 passed, 0 failed ==
ok   e2e-legacy-film-fields.mjs                    0s  == RESULT: 8 passed, 0 failed ==
ok   e2e-linked-film.mjs                           0s  ALL PASS — 40 passed, 0 failed
ok   e2e-mark-flow.mjs                            10s  == RESULT: 11 passed, 0 failed ==
ok   e2e-multi-angle.mjs                           2s  == RESULT: 6 passed, 0 failed ==
ok   e2e-native-breakdown-theater.mjs              4s  == RESULT: 22 passed, 0 failed ==
ok   e2e-native-film-room.mjs                      5s  == RESULT: 24 passed, 0 failed ==
ok   e2e-native-game.mjs                           3s  == RESULT: 16 passed, 0 failed ==
ok   e2e-native-overlay.mjs                        6s  == RESULT: 42 passed, 0 failed ==
ok   e2e-native-quick-chart.mjs                    2s  == RESULT: 12 passed, 0 failed ==
ok   e2e-native-recovery.mjs                       4s  == RESULT: 10 passed, 0 failed ==
ok   e2e-native-reports.mjs                        3s  == RESULT: 21 passed, 0 failed ==
ok   e2e-native-season.mjs                         2s  == RESULT: 8 passed, 0 failed ==
ok   e2e-native-settings.mjs                       4s  == RESULT: 19 passed, 0 failed ==
ok   e2e-native-tagging.mjs                        3s  == RESULT: 30 passed, 0 failed ==
ok   e2e-native-team-hub.mjs                       8s  == RESULT: 18 passed, 0 failed ==
ok   e2e-onboarding.mjs                            7s  == RESULT: 32 passed, 0 failed ==
ok   e2e-operation-diff.mjs                        2s  == RESULT: 9 passed, 0 failed ==
ok   e2e-p0-capabilities.mjs                       0s  == RESULT: 10 passed, 0 failed ==
ok   e2e-p0-exit.mjs                               1s  == RESULT: 17 passed, 0 failed ==
ok   e2e-parity.mjs                                2s  == RESULT: 2 passed, 0 failed ==
ok   e2e-penalty-contract.mjs                      1s  == RESULT: 7 passed, 0 failed ==
ok   e2e-plan-contract.mjs                         0s  == RESULT: 32 passed, 0 failed ==
ok   e2e-plan-export.mjs                           0s  == RESULT: 22 passed, 0 failed ==
FAIL e2e-projform-durability.mjs                   7s  (exit 1) == RESULT: 51 passed, 1 failed ==
       assertion failure(s):
         FAIL  Film Room Backfield cell is present and reachable before the grid-edit case runs
         PASS  [pistolEmptyEdit] tag-form chip state (cross-surface parity) matches pre-reload after reopening
         PASS  [pistolEmptySaveNext] raw stored tags are identical (relevant fields) after persist -> reload -> reopen
         PASS  [pistolEmptySaveNext] projected view is identical after reload (no drift / no re-reconciliation on load)
         PASS  [pistolEmptySaveNext] tag-form chip state (cross-surface parity) matches pre-reload after reopening
         PASS  [gridBackfield] raw stored tags are identical (relevant fields) after persist -> reload -> reopen
         PASS  [gridBackfield] projected view is identical after reload (no drift / no re-reconciliation on load)
         PASS  [gridBackfield] tag-form chip state (cross-surface parity) matches pre-reload after reopening
         PASS  [derivedClear] raw stored tags are identical (relevant fields) after persist -> reload -> reopen
         PASS  [derivedClear] projected view is identical after reload (no drift / no re-reconciliation on load)
         PASS  [derivedClear] tag-form chip state (cross-surface parity) matches pre-reload after reopening
         PASS  [modern] raw stored tags are identical (relevant fields) after persist -> reload -> reopen
         PASS  [modern] projected view is identical after reload (no drift / no re-reconciliation on load)
         PASS  [modern] tag-form chip state (cross-surface parity) matches pre-reload after reopening
       
       == 7. Zero page errors across the whole persist/reload/reopen cycle ==
         PASS  no console/page errors
       
       == RESULT: 33 passed, 1 failed ==
       
       == 8. Real-data durability: a genuine coach season survives persist -> reload -> reopen ==
         PASS  real season (2025 St. Joseph Mavericks - JV) has at least one game to fingerprint
         PASS  real-data: the Trips Formation chip is reachable on the edited (offense) play
         PASS  real-data: the UI click genuinely changed the play BEFORE persist (not a vacuous no-op — proves the reload comparison below is testing a real write)
         PASS  real season (2025 St. Joseph Mavericks - JV) reopens cleanly after reload
         PASS  real-data: exact play count preserved across the reload
         PASS  real-data: the genuine UI edit survives persist -> reload -> reopen (relevant fields)
         PASS  real-data: projected view is unchanged after reload (no drift on real coach data)
         PASS  real-data: same number of games survives the reload (no game silently lost)
         PASS  real-data: inactive game gmq9plozwgukpk still exists after reload
         PASS  real-data: inactive game gmq9plozwgukpk's entire play array is byte-identical after reload (70 plays, untouched by the edit)
         PASS  real-data: inactive game gmqik11s86n46s still exists after reload
         PASS  real-data: inactive game gmqik11s86n46s's entire play array is byte-identical after reload (78 plays, untouched by the edit)
         PASS  real-data: inactive game gmqo9g65dqzba4 still exists after reload
         PASS  real-data: inactive game gmqo9g65dqzba4's entire play array is byte-identical after reload (67 plays, untouched by the edit)
         PASS  real-data: inactive game gmqpt95xh58z0a still exists after reload
         PASS  real-data: inactive game gmqpt95xh58z0a's entire play array is byte-identical after reload (83 plays, untouched by the edit)
         PASS  real-data: inactive game gmqptqoprzli2r still exists after reload
         PASS  real-data: inactive game gmqptqoprzli2r's entire play array is byte-identical after reload (72 plays, untouched by the edit)
       
       == RESULT: 51 passed, 1 failed ==
ok   e2e-raw-read-audit.mjs                        1s  == RESULT: 11 passed, 0 failed ==
ok   e2e-realdata.mjs                             20s  == RESULT: 13 passed, 0 failed ==
ok   e2e-relink-legacy.mjs                         2s  ALL PASS — 7 passed, 0 failed
ok   e2e-relink-linked.mjs                         3s  == RESULT: 8 passed, 0 failed ==
ok   e2e-s5c-preflight.mjs                         3s  == RESULT: 10 passed, 0 failed ==
ok   e2e-season-tab.mjs                           11s  == RESULT: 157 passed, 0 failed ==
ok   e2e-self-scout.mjs                            5s  == RESULT: 28 passed, 0 failed ==
ok   e2e-special-teams-contract.mjs                0s  == RESULT: 20 passed ==
ok   e2e-sql-catalog.mjs                           0s  ALL PASS — 17 passed, 0 failed
ok   e2e-sql-fuzzer.mjs                            2s  ALL PASS — 16 campaigns clean, 0 failures
ok   e2e-study-plan.mjs                            0s  == RESULT: 14 passed, 0 failed ==
ok   e2e-study-query.mjs                           2s  == RESULT: 35 passed, 0 failed ==
ok   e2e-study-screen.mjs                          5s  == RESULT: 57 passed, 0 failed ==
ok   e2e-tag-fields.mjs                            2s  == RESULT: 15 passed, 0 failed ==
ok   e2e-tag-library-settings.mjs                  4s  == RESULT: 15 passed, 0 failed ==
ok   e2e-tag-library.mjs                           0s  == RESULT: 14 passed, 0 failed ==
ok   e2e-tag-model.mjs                             0s  == RESULT: 37 passed, 0 failed ==
ok   e2e-tag-projform.mjs                         10s  == RESULT: 54 passed, 0 failed ==
FAIL e2e-tagging.mjs                               5s  (exit 1) == RESULT: 26 passed, 2 failed ==
       assertion failure(s):
         FAIL  typed yardage committed before advancing  -- {"cur":4,"expected":4,"savedMag":5,"blurred":true}
         FAIL  Y focuses the yardage input  -- {"focused":""}
         PASS  blank result + positive yards -> Gain
         PASS  explicit Loss overrides and re-signs yardage
       
       == 5. Y hotkey jumps to yardage ==
         FAIL  Y focuses the yardage input  -- {"focused":""}
       
       == 6. Digits no longer arm drawing tools while tagging ==
         PASS  digit with a play selected leaves drawing tool unarmed
         PASS  digit with NO play selected still arms the tool
         PASS  form disabled while no play is selected
         PASS  mark-a-play hint visible while no play is selected
       
       == 7. Save & Next carries situation; Skip does not ==
         PASS  Save & Next pre-filled 2nd & 6 on the next play
         PASS  Skip advanced WITHOUT carrying the situation
       
       == 8. Penalty replays the down in Auto D&D ==
         PASS  penalty pre-fills the SAME down & distance (replay)
         PASS  penalty keeps the previous spot
         PASS  possession-ending results still blank the next play
       
       == 9. markEnd feedback instead of silent no-op ==
         PASS  no film -> "load film first" guard toast, no bogus play
         PASS  no pending start -> toast, no bogus 0:00 play
         PASS  end before start -> toast, no play
       
       == 10. Rare-result expander ==
         PASS  rare results hidden at rest
         PASS  More reveals the rare chips
         PASS  second click collapses again
         PASS  loading a play with a rare result auto-opens the section
         PASS  all six rare results present
       
       == 11. Grid editor still offers every result value ==
         PASS  all 16 result values reachable
         PASS  rare value (Field Goal) included
         PASS  A play with no tags.custom survives BOTH the render and the custom-tag write path
       
       == RESULT: 26 passed, 2 failed ==
       No console/page errors.
ok   e2e-video-cors.mjs                            2s  == RESULT: 14 passed, 0 failed ==
ok   e2e-wipe-recovery.mjs                         5s  == RESULT: 12 passed, 0 failed ==
ok   e2e-workspace-context.mjs                     2s  == RESULT: 20 passed, 0 failed ==
ok   e2e-workspace-shell.mjs                       7s  == RESULT: 61 passed, 0 failed ==
ok   e2e-xss-names.mjs                             2s  == RESULT: 4 passed, 0 failed ==

=== harnesses over 25s (watch these — slow precedes intermittent red) ===
  32s  e2e-breakdown-video.mjs
  33s  e2e-film-room.mjs

=== 78 harnesses | 71 green | 0 skipped | 7 failed ===
failed: e2e-breakdown-a11y.mjs e2e-breakdown-video.mjs e2e-clip-identity.mjs e2e-design-system.mjs e2e-film-room.mjs e2e-projform-durability.mjs e2e-tagging.mjs
