=== BUILD ===
- Use build.rolldownOptions.output.codeSplitting to improve chunking: https://rolldown.rs/reference/OutputOptions.codeSplitting
- Adjust chunk size limit for this warning via build.chunkSizeWarningLimit.
=== GATE ===
ok   e2e-addfiles-race.mjs                         3s  == RESULT: 4 passed, 0 failed ==
ok   e2e-analytics-projection.mjs                  2s  == RESULT: 43 passed, 0 failed ==
ok   e2e-analytics-registry.mjs                    3s  == RESULT: 25 passed, 0 failed ==
ok   e2e-b2-tries.mjs                              0s  == RESULT: 13 passed, 0 failed ==
ok   e2e-beta-config.mjs                           0s  == RESULT: 3 passed, 0 failed ==
ok   e2e-breakdown-a11y.mjs                        3s  == RESULT: 10 passed, 0 failed ==
ok   e2e-breakdown-form.mjs                        6s  == RESULT: 60 passed, 0 failed ==
ok   e2e-breakdown-geometry.mjs                    2s  == RESULT: 12 passed, 0 failed ==
ok   e2e-breakdown-lifecycle.mjs                   3s  == RESULT: 16 passed, 0 failed ==
ok   e2e-breakdown-video.mjs                       2s  == RESULT: 14 passed, 0 failed ==
ok   e2e-catalog-backend.mjs                       2s  == RESULT: 6 passed, 0 failed ==
ok   e2e-catalog-fuzzer.mjs                        1s  == RESULT: 1 passed, 0 failed ==
ok   e2e-catalog-persistence.mjs                   1s  == RESULT: 50 passed, 0 failed ==
ok   e2e-catalog-versions.mjs                      0s  == RESULT: 10 passed, 0 failed ==
ok   e2e-clip-identity.mjs                         3s  ALL PASS — 18 passed, 0 failed
ok   e2e-clip-match.mjs                            0s  == RESULT: 15 passed, 0 failed ==
ok   e2e-core.mjs                                  2s  == RESULT: 25 passed, 0 failed ==
ok   e2e-cross-game-cutup.mjs                      0s  == RESULT: 13 passed, 0 failed ==
ok   e2e-crosstab.mjs                              2s  == RESULT: 20 passed, 0 failed ==
ok   e2e-csv-projection.mjs                        3s  == RESULT: 22 passed, 0 failed ==
ok   e2e-csv-roundtrip.mjs                         2s  == RESULT: 9 passed, 0 failed ==
ok   e2e-delete-undo-film.mjs                      3s  == RESULT: 9 passed, 0 failed ==
ok   e2e-design-system.mjs                         0s  == RESULT: 16 passed, 0 failed ==
ok   e2e-field-fixes.mjs                           4s  == RESULT: 14 passed, 0 failed ==
ok   e2e-film-index.mjs                            2s  ALL PASS — 9 passed, 0 failed
ok   e2e-film-load-race.mjs                        2s  == RESULT: 8 passed, 0 failed ==
ok   e2e-film-navigation.mjs                       1s  == RESULT: 24 passed, 0 failed ==
ok   e2e-film-persist.mjs                          2s  == RESULT: 3 passed, 0 failed ==
ok   e2e-film-room.mjs                            10s  == RESULT: 179 passed, 0 failed ==
ok   e2e-film-storage-setup.mjs                    6s  == RESULT: 31 passed, 0 failed ==
ok   e2e-integrity.mjs                            21s  == RESULT: 2 passed, 0 failed ==
ok   e2e-legacy-film-fields.mjs                    0s  == RESULT: 8 passed, 0 failed ==
ok   e2e-linked-film.mjs                           0s  ALL PASS — 40 passed, 0 failed
ok   e2e-mark-flow.mjs                            10s  == RESULT: 11 passed, 0 failed ==
ok   e2e-multi-angle.mjs                           2s  == RESULT: 6 passed, 0 failed ==
ok   e2e-native-breakdown-theater.mjs              3s  == RESULT: 22 passed, 0 failed ==
ok   e2e-native-film-room.mjs                      2s  == RESULT: 24 passed, 0 failed ==
ok   e2e-native-game.mjs                           2s  == RESULT: 16 passed, 0 failed ==
ok   e2e-native-overlay.mjs                        2s  == RESULT: 42 passed, 0 failed ==
ok   e2e-native-quick-chart.mjs                    2s  == RESULT: 12 passed, 0 failed ==
ok   e2e-native-recovery.mjs                       3s  == RESULT: 10 passed, 0 failed ==
ok   e2e-native-reports.mjs                        5s  == RESULT: 39 passed, 0 failed ==
ok   e2e-native-season.mjs                         2s  == RESULT: 8 passed, 0 failed ==
ok   e2e-native-settings.mjs                       3s  == RESULT: 19 passed, 0 failed ==
ok   e2e-native-tagging.mjs                        4s  == RESULT: 37 passed, 0 failed ==
ok   e2e-native-team-hub.mjs                       7s  == RESULT: 18 passed, 0 failed ==
ok   e2e-onboarding.mjs                            7s  == RESULT: 32 passed, 0 failed ==
ok   e2e-operation-diff.mjs                        2s  == RESULT: 9 passed, 0 failed ==
FAIL e2e-p0-capabilities.mjs                       0s  (exit 1) == RESULT: 9 passed, 1 failed ==
       assertion failure(s):
         FAIL  every capability points to an exact live journey assertion -- breakdown.context-isolation -> e2e-native-tagging.mjs: Context edits only perspective and direction
         PASS  every capability id is unique
         PASS  every historically vulnerable coach capability has explicit journey ownership
         PASS  every migration surface has at least one owned capability
         PASS  primary capability evidence is behavioral, data, or accessibility — never geometry
         PASS  every capability points to a canonical e2e harness
         FAIL  every capability points to an exact live journey assertion -- breakdown.context-isolation -> e2e-native-tagging.mjs: Context edits only perspective and direction
         PASS  no capability is certified only by visibility or geometry
         PASS  behavior and accessibility capabilities are not certified by bare DOM existence
         PASS  native overlay singleton accessor stays confined to the composition root
         PASS  inventory includes behavior, data-integrity, and accessibility evidence
       
       == RESULT: 9 passed, 1 failed ==
ok   e2e-p0-exit.mjs                               0s  == RESULT: 17 passed, 0 failed ==
ok   e2e-parity.mjs                                2s  == RESULT: 2 passed, 0 failed ==
ok   e2e-penalty-contract.mjs                      0s  == RESULT: 7 passed, 0 failed ==
ok   e2e-plan-contract.mjs                         0s  == RESULT: 32 passed, 0 failed ==
ok   e2e-plan-export.mjs                           0s  == RESULT: 22 passed, 0 failed ==
ok   e2e-projform-durability.mjs                   6s  == RESULT: 53 passed, 0 failed ==
ok   e2e-raw-read-audit.mjs                        0s  == RESULT: 11 passed, 0 failed ==
ok   e2e-realdata.mjs                             19s  == RESULT: 13 passed, 0 failed ==
ok   e2e-relink-legacy.mjs                         2s  ALL PASS — 7 passed, 0 failed
ok   e2e-relink-linked.mjs                         2s  == RESULT: 8 passed, 0 failed ==
ok   e2e-responsive-containment.mjs               15s  == RESULT: 105 passed, 0 failed ==
ok   e2e-restore-point-throttling.mjs              2s  == RESULT: 5 passed, 0 failed ==
ok   e2e-s5c-preflight.mjs                         3s  == RESULT: 10 passed, 0 failed ==
ok   e2e-season-tab.mjs                           11s  == RESULT: 157 passed, 0 failed ==
ok   e2e-self-scout.mjs                            5s  == RESULT: 41 passed, 0 failed ==
ok   e2e-special-teams-contract.mjs                0s  == RESULT: 20 passed ==
ok   e2e-sql-catalog.mjs                           1s  ALL PASS — 17 passed, 0 failed
ok   e2e-sql-fuzzer.mjs                            2s  ALL PASS — 16 campaigns clean, 0 failures
ok   e2e-study-plan.mjs                            0s  == RESULT: 14 passed, 0 failed ==
ok   e2e-study-query.mjs                           2s  == RESULT: 35 passed, 0 failed ==
ok   e2e-study-screen.mjs                          6s  == RESULT: 79 passed, 0 failed ==
ok   e2e-tag-fields.mjs                            3s  == RESULT: 15 passed, 0 failed ==
ok   e2e-tag-library-settings.mjs                  2s  == RESULT: 15 passed, 0 failed ==
ok   e2e-tag-library.mjs                           0s  == RESULT: 14 passed, 0 failed ==
ok   e2e-tag-model.mjs                             0s  == RESULT: 37 passed, 0 failed ==
ok   e2e-tag-projform.mjs                          6s  == RESULT: 54 passed, 0 failed ==
ok   e2e-tagging.mjs                               5s  == RESULT: 28 passed, 0 failed ==
ok   e2e-video-cors.mjs                            2s  == RESULT: 14 passed, 0 failed ==
ok   e2e-wipe-recovery.mjs                         4s  == RESULT: 12 passed, 0 failed ==
ok   e2e-workspace-context.mjs                     2s  == RESULT: 20 passed, 0 failed ==
ok   e2e-workspace-shell.mjs                       9s  == RESULT: 76 passed, 0 failed ==
ok   e2e-xss-names.mjs                             2s  == RESULT: 4 passed, 0 failed ==

=== 81 harnesses | 80 green | 0 skipped | 1 failed ===
failed: e2e-p0-capabilities.mjs
