=== BUILD ===
- Use build.rolldownOptions.output.codeSplitting to improve chunking: https://rolldown.rs/reference/OutputOptions.codeSplitting
- Adjust chunk size limit for this warning via build.chunkSizeWarningLimit.[39m
=== GATE ===
ok   e2e-addfiles-race.mjs                         3s  == RESULT: 4 passed, 0 failed ==
ok   e2e-analytics-projection.mjs                  2s  == RESULT: 43 passed, 0 failed ==
ok   e2e-analytics-registry.mjs                    2s  == RESULT: 25 passed, 0 failed ==
ok   e2e-b2-tries.mjs                              0s  == RESULT: 13 passed, 0 failed ==
ok   e2e-beta-config.mjs                           0s  == RESULT: 3 passed, 0 failed ==
ok   e2e-breakdown-a11y.mjs                        3s  == RESULT: 10 passed, 0 failed ==
ok   e2e-breakdown-form.mjs                        6s  == RESULT: 60 passed, 0 failed ==
ok   e2e-breakdown-lifecycle.mjs                  14s  == RESULT: 30 passed, 0 failed ==
ok   e2e-breakdown-video.mjs                       4s  == RESULT: 50 passed, 0 failed ==
ok   e2e-catalog-backend.mjs                       2s  == RESULT: 6 passed, 0 failed ==
ok   e2e-catalog-fuzzer.mjs                        1s  == RESULT: 1 passed, 0 failed ==
ok   e2e-catalog-persistence.mjs                   1s  == RESULT: 50 passed, 0 failed ==
ok   e2e-catalog-versions.mjs                      0s  == RESULT: 10 passed, 0 failed ==
ok   e2e-clip-identity.mjs                         2s  ALL PASS — 18 passed, 0 failed
ok   e2e-clip-match.mjs                            0s  == RESULT: 15 passed, 0 failed ==
ok   e2e-core.mjs                                  2s  == RESULT: 25 passed, 0 failed ==
ok   e2e-cross-game-cutup.mjs                      1s  == RESULT: 13 passed, 0 failed ==
ok   e2e-crosstab.mjs                              2s  == RESULT: 20 passed, 0 failed ==
ok   e2e-csv-projection.mjs                        2s  == RESULT: 22 passed, 0 failed ==
ok   e2e-csv-roundtrip.mjs                         2s  == RESULT: 9 passed, 0 failed ==
ok   e2e-delete-undo-film.mjs                      2s  == RESULT: 9 passed, 0 failed ==
ok   e2e-design-system.mjs                         0s  == RESULT: 7 passed, 0 failed ==
ok   e2e-field-fixes.mjs                           3s  == RESULT: 14 passed, 0 failed ==
ok   e2e-film-index.mjs                            2s  ALL PASS — 9 passed, 0 failed
ok   e2e-film-load-race.mjs                        1s  == RESULT: 8 passed, 0 failed ==
ok   e2e-film-navigation.mjs                       0s  == RESULT: 24 passed, 0 failed ==
ok   e2e-film-persist.mjs                          2s  == RESULT: 3 passed, 0 failed ==
ok   e2e-film-room.mjs                             9s  == RESULT: 179 passed, 0 failed ==
ok   e2e-film-storage-setup.mjs                    6s  == RESULT: 31 passed, 0 failed ==
ok   e2e-integrity.mjs                            19s  == RESULT: 2 passed, 0 failed ==
ok   e2e-legacy-film-fields.mjs                    0s  == RESULT: 8 passed, 0 failed ==
ok   e2e-linked-film.mjs                           1s  ALL PASS — 40 passed, 0 failed
ok   e2e-mark-flow.mjs                            10s  == RESULT: 11 passed, 0 failed ==
ok   e2e-multi-angle.mjs                           2s  == RESULT: 6 passed, 0 failed ==
ok   e2e-native-breakdown-theater.mjs              2s  == RESULT: 21 passed, 0 failed ==
ok   e2e-native-film-room.mjs                      2s  == RESULT: 24 passed, 0 failed ==
ok   e2e-native-game.mjs                           2s  == RESULT: 16 passed, 0 failed ==
FAIL e2e-native-overlay.mjs                        2s  (exit 1) == RESULT: 41 passed, 1 failed ==
       assertion failure(s):
         FAIL  dismissible dialog scrim is Cancel and restores focus
         PASS  popover anchors in the viewport, focuses its first command, and never makes the route inert
         PASS  Arrow Down moves through enabled popover commands
         PASS  popover command executes once, closes, and returns focus
         PASS  opening a second popover replaces and settles the first without stealing the new menu focus
         PASS  outside click dismisses the popover and returns focus
         PASS  service rejects a popover whose anchor is not connected
       
       == 3. Sheet desktop/mobile behavior ==
         PASS  sheet focuses the first working control, never its close button
         PASS  desktop non-modal sheet leaves the route available
         PASS  sheet Escape restores its invoking control
         PASS  narrow sheet automatically becomes modal
         PASS  narrow overlay is overflow-free with touch-sized controls
       
       == 4. Stacking and destructive confirmation rules ==
         PASS  dialog may sit over a sheet and makes the sheet inert
         PASS  destructive confirmation defaults focus to Cancel
         PASS  destructive confirmation ignores scrim clicks
         PASS  closing stacked dialog returns focus inside its parent sheet
         PASS  programmatically closing a buried parent settles it and every stacked child
         PASS  two rapid Escape presses close the current dialog then sheet without a stale-listener race
         PASS  service rejects unrelated dialog-on-dialog stacking
         PASS  service enforces an explicit Cancel default for every destructive decision
         PASS  dialog without supplied actions receives a focusable acknowledgement default
       
       == 5. Toast semantics ==
         PASS  toast and delayed overlay cleanup never steal newer focus
         PASS  undo toast keeps at least the 4.5s action window visible
         PASS  toast action executes once and dismisses
         PASS  failure toast uses an assertive semantic announcement
         PASS  toast surface itself remains click-to-dismiss
       
       == 6. Clean unmount and reinjection ==
         PASS  remount unsubscribes the old dependency and binds only the injected replacement
         PASS  test route operates through the replacement service instance
         PASS  unmount removes presentation, subscription, key/focus ownership, and route inertness
         PASS  complete overlay journey leaves canonical season data byte-identical
         PASS  overlay journey produces zero page/console errors
       
       == RESULT: 41 passed, 1 failed ==
ok   e2e-native-quick-chart.mjs                    2s  == RESULT: 12 passed, 0 failed ==
ok   e2e-native-recovery.mjs                       4s  == RESULT: 10 passed, 0 failed ==
ok   e2e-native-reports.mjs                        2s  == RESULT: 21 passed, 0 failed ==
ok   e2e-native-season.mjs                         1s  == RESULT: 8 passed, 0 failed ==
ok   e2e-native-settings.mjs                       2s  == RESULT: 19 passed, 0 failed ==
ok   e2e-native-tagging.mjs                        4s  == RESULT: 30 passed, 0 failed ==
ok   e2e-native-team-hub.mjs                       7s  == RESULT: 18 passed, 0 failed ==
ok   e2e-onboarding.mjs                            6s  == RESULT: 32 passed, 0 failed ==
ok   e2e-operation-diff.mjs                        2s  == RESULT: 9 passed, 0 failed ==
ok   e2e-p0-capabilities.mjs                       0s  == RESULT: 10 passed, 0 failed ==
ok   e2e-p0-exit.mjs                               0s  == RESULT: 17 passed, 0 failed ==
ok   e2e-parity.mjs                                2s  == RESULT: 2 passed, 0 failed ==
ok   e2e-penalty-contract.mjs                      1s  == RESULT: 7 passed, 0 failed ==
ok   e2e-plan-contract.mjs                         0s  == RESULT: 32 passed, 0 failed ==
ok   e2e-plan-export.mjs                           0s  == RESULT: 22 passed, 0 failed ==
ok   e2e-projform-durability.mjs                   6s  == RESULT: 53 passed, 0 failed ==
ok   e2e-raw-read-audit.mjs                        0s  == RESULT: 11 passed, 0 failed ==
ok   e2e-realdata.mjs                             19s  == RESULT: 13 passed, 0 failed ==
ok   e2e-relink-legacy.mjs                         2s  ALL PASS — 7 passed, 0 failed
ok   e2e-relink-linked.mjs                         2s  == RESULT: 8 passed, 0 failed ==
ok   e2e-s5c-preflight.mjs                         2s  == RESULT: 10 passed, 0 failed ==
ok   e2e-season-tab.mjs                           10s  == RESULT: 157 passed, 0 failed ==
ok   e2e-self-scout.mjs                            5s  == RESULT: 28 passed, 0 failed ==
ok   e2e-special-teams-contract.mjs                0s  == RESULT: 20 passed ==
ok   e2e-sql-catalog.mjs                           0s  ALL PASS — 17 passed, 0 failed
ok   e2e-sql-fuzzer.mjs                            3s  ALL PASS — 16 campaigns clean, 0 failures
ok   e2e-study-plan.mjs                            0s  == RESULT: 14 passed, 0 failed ==
ok   e2e-study-query.mjs                           2s  == RESULT: 35 passed, 0 failed ==
ok   e2e-study-screen.mjs                          4s  == RESULT: 57 passed, 0 failed ==
ok   e2e-tag-fields.mjs                            2s  == RESULT: 15 passed, 0 failed ==
FAIL e2e-tag-library-settings.mjs                  2s  (exit 1) == RESULT: 14 passed, 1 failed ==
       assertion failure(s):
         FAIL  Native Charting is the one owner of all three staff libraries -- {"owners":1,"legacy":false,"tabs":3,"rows":18,"promise":"Hiding is not deleting. Existing plays and analytics stay unchanged. This only reduces charting clutter."}
         FAIL  Native Charting is the one owner of all three staff libraries -- {"owners":1,"legacy":false,"tabs":3,"rows":18,"promise":"Hiding is not deleting. Existing plays and analytics stay unchanged. This only reduces charting clutter."}
         PASS  Charting states the non-destructive visibility contract
         PASS  Hiding a default removes it from future charting choices
         PASS  Hiding a choice never rewrites historical play tags
         PASS  A custom Front is persisted, enabled, and immediately chartable
         PASS  Quoted custom names remain exact inert DOM data
         PASS  Custom Formation, Backfield, and Front write through PlayTagger
         PASS  Custom Front remains chartable as Our Defensive Call
         PASS  Custom Front remains chartable in Defense Faced
         PASS  Switching teams isolates and restores each staff vocabulary
         PASS  Removing a custom choice updates both native Settings and charting UI
         PASS  Restore defaults reenables built-ins and clears custom choices
         PASS  Mobile Charting has no page-level overflow and keeps touch-sized rows
         PASS  Escape closes native Settings
         PASS  No page errors
       
       == RESULT: 14 passed, 1 failed ==
ok   e2e-tag-library.mjs                           0s  == RESULT: 14 passed, 0 failed ==
ok   e2e-tag-model.mjs                             0s  == RESULT: 37 passed, 0 failed ==
ok   e2e-tag-projform.mjs                          5s  == RESULT: 54 passed, 0 failed ==
ok   e2e-tagging.mjs                               5s  == RESULT: 28 passed, 0 failed ==
ok   e2e-video-cors.mjs                            2s  == RESULT: 14 passed, 0 failed ==
ok   e2e-wipe-recovery.mjs                         5s  == RESULT: 12 passed, 0 failed ==
ok   e2e-workspace-context.mjs                     2s  == RESULT: 20 passed, 0 failed ==
ok   e2e-workspace-shell.mjs                       5s  == RESULT: 61 passed, 0 failed ==
ok   e2e-xss-names.mjs                             3s  == RESULT: 4 passed, 0 failed ==

=== 78 harnesses | 76 green | 0 skipped | 2 failed ===
failed: e2e-native-overlay.mjs e2e-tag-library-settings.mjs
